
 ===================================================
  XFOIL Version 6.99
  Copyright (C) 2000   Mark Drela, Harold Youngren

  This software comes with ABSOLUTELY NO WARRANTY,
    subject to the GNU General Public License.

  Caveat computor
 ===================================================

 File  xfoil.def  not found

   QUIT    Exit program

  .OPER    Direct operating point(s)
  .MDES    Complex mapping design routine
  .QDES    Surface speed design routine
  .GDES    Geometry design routine

   SAVE f  Write airfoil to labeled coordinate file
   PSAV f  Write airfoil to plain coordinate file
   ISAV f  Write airfoil to ISES coordinate file
   MSAV f  Write airfoil to MSES coordinate file
   REVE    Reverse written-airfoil node ordering

   LOAD f  Read buffer airfoil from coordinate file
   NACA i  Set NACA 4,5-digit airfoil and buffer airfoil
   INTE    Set buffer airfoil by interpolating two airfoils
   NORM    Buffer airfoil normalization toggle
   XYCM rr Change CM reference location, currently  0.25000 0.00000

   BEND    Display structural properties of current airfoil

   PCOP    Set current-airfoil panel nodes directly from buffer airfoil points
   PANE    Set current-airfoil panel nodes ( 160 ) based on curvature
  .PPAR    Show/change paneling

  .PLOP    Plotting options

   WDEF f  Write  current-settings file
   RDEF f  Reread current-settings file
   NAME s  Specify new airfoil name
   NINC    Increment name version number

   Z       Zoom    | (available in all menus)
   U       Unzoom  | 

 XFOIL   c>   Max thickness =     0.150043  at x =   0.300
 Max camber    =    -0.000000  at x =   0.015

 Buffer airfoil set using 331 points

 Blunt trailing edge.  Gap =  0.00315

 Paneling parameters used...
   Number of panel nodes       160
   Panel bunching parameter    1.000
   TE/LE panel density ratio   0.150
   Refined-area/LE panel density ratio    0.200
   Top    side refined area x/c limits  1.000 1.000
   Bottom side refined area x/c limits  1.000 1.000

 XFOIL   c>  
 Blunt trailing edge.  Gap =  0.00315

 Paneling parameters used...
   Number of panel nodes       160
   Panel bunching parameter    1.000
   TE/LE panel density ratio   0.150
   Refined-area/LE panel density ratio    0.200
   Top    side refined area x/c limits  1.000 1.000
   Bottom side refined area x/c limits  1.000 1.000

 XFOIL   c>   N    command not recognized.  Type a "?" for list

 XFOIL   c>   2000 command not recognized.  Type a "?" for list

 XFOIL   c>  
 XFOIL   c>  
 XFOIL   c>  
.OPERi   c>   Current iteration limit:          10

Enter new iteration limit   i>  
.OPERi   c>  
 XFOIL   c>  
 XFOIL   c>  
 XFOIL   c>  
.OPERi   c>  
.OPERi   c>  
.OPERi   c>  
 M  =    0.0000
 Re =     60000

.OPERv   c>  
 Polar  1 newly created for accumulation
 Airfoil archived with polar: NACA 0015                                       

Enter  polar save filename  OR  <return> for no file   s>  
 Polar save file will NOT be written

Enter  polar dump filename  OR  <return> for no file   s>  
 Polar dump file will NOT be written

 Polar accumulation enabled

.OPERva   c>   Calculating unit vorticity distributions ...
 Calculating wake trajectory ...
 Calculating source influence matrix ...

 Solving BL system ...

 Initializing BL ...
    side            1  ...
 MRCHUE: Inverse mode at  56     Hk =   3.963
 MRCHUE: Inverse mode at  57     Hk =   4.205
 MRCHUE: Inverse mode at  58     Hk =   4.442
 MRCHUE: Inverse mode at  59     Hk =   4.675
 MRCHUE: Inverse mode at  60     Hk =   4.903
 MRCHUE: Inverse mode at  61     Hk =   5.128
 MRCHUE: Inverse mode at  62     Hk =   5.349
 MRCHUE: Inverse mode at  63     Hk =   5.567
 MRCHUE: Inverse mode at  64     Hk =   5.782
 MRCHUE: Inverse mode at  65     Hk =   5.994
 MRCHUE: Inverse mode at  66     Hk =   6.203
 MRCHUE: Inverse mode at  67     Hk =   6.409
 MRCHUE: Inverse mode at  68     Hk =   6.613
 MRCHUE: Inverse mode at  69     Hk =   6.814
 MRCHUE: Inverse mode at  70     Hk =   7.012
 MRCHUE: Inverse mode at  71     Hk =   7.206
 MRCHUE: Inverse mode at  72     Hk =   7.396
 MRCHUE: Inverse mode at  73     Hk =   7.579
 MRCHUE: Inverse mode at  74     Hk =   7.754
 MRCHUE: Inverse mode at  75     Hk =   7.918
 MRCHUE: Inverse mode at  76     Hk =   8.068
 MRCHUE: Inverse mode at  77     Hk =   8.202
 MRCHUE: Inverse mode at  78     Hk =   8.320
 MRCHUE: Inverse mode at  79     Hk =   8.390
    side            2  ...
 MRCHUE: Inverse mode at  52     Hk =   3.838
 MRCHUE: Inverse mode at  53     Hk =   4.114
 MRCHUE: Inverse mode at  54     Hk =   4.384
 MRCHUE: Inverse mode at  55     Hk =   4.647
 MRCHUE: Inverse mode at  56     Hk =   4.906
 MRCHUE: Inverse mode at  57     Hk =   5.159
 MRCHUE: Inverse mode at  58     Hk =   5.409
 MRCHUE: Inverse mode at  59     Hk =   5.654
 MRCHUE: Inverse mode at  60     Hk =   5.896
 MRCHUE: Inverse mode at  61     Hk =   6.134
 MRCHUE: Inverse mode at  62     Hk =   6.369
 MRCHUE: Inverse mode at  63     Hk =   6.601
 MRCHUE: Inverse mode at  64     Hk =   6.831
 MRCHUE: Inverse mode at  65     Hk =   7.058
 MRCHUE: Inverse mode at  66     Hk =   7.282
 MRCHUE: Inverse mode at  67     Hk =   7.505
 MRCHUE: Inverse mode at  68     Hk =   7.725
 MRCHUE: Inverse mode at  69     Hk =   7.942
 MRCHUE: Inverse mode at  70     Hk =   8.158
 MRCHUE: Inverse mode at  71     Hk =   8.371
 MRCHUE: Inverse mode at  72     Hk =   8.582
 MRCHUE: Inverse mode at  73     Hk =   8.791
 MRCHUE: Inverse mode at  74     Hk =   8.997
 MRCHUE: Inverse mode at  75     Hk =   9.200
 MRCHUE: Inverse mode at  76     Hk =   9.398
 MRCHUE: Inverse mode at  77     Hk =   9.157
 MRCHUE: Inverse mode at  78     Hk =   8.319
 MRCHUE: Inverse mode at  79     Hk =   7.681
 MRCHUE: Inverse mode at  80     Hk =   7.181
 MRCHUE: Inverse mode at  81     Hk =   6.784
 MRCHUE: Inverse mode at  82     Hk =   6.467
 MRCHUE: Inverse mode at  83     Hk =   6.292
 MRCHUE: Inverse mode at  85     Hk =   5.244
 MRCHUE: Inverse mode at  86     Hk =   4.340
 MRCHUE: Inverse mode at  87     Hk =   3.781
 MRCHUE: Inverse mode at  88     Hk =   3.399
 MRCHUE: Inverse mode at  89     Hk =   3.118
 MRCHUE: Convergence failed at  90  side 2    Res =  0.9067E-01

 MRCHDU: Convergence failed at  90  side 2    Res =  0.9027E-01
 Side 1 forced transition at x/c =  1.0000   79
 Side 2  free  transition at x/c =  0.9140   77

   1   rms: 0.4892E+00   max: 0.4196E+01   D at   90  2   RLX: 0.357
       a = -1.000      CL = -0.1871
      Cm =  0.0245     CD =  0.01036   =>   CDf =  0.00865    CDp =  0.00172

 Side 1 forced transition at x/c =  1.0000   79
 Side 2  free  transition at x/c =  0.9200   77
 idif Ue xi dudx           1  0.12003399      2.19690800E-03   54.637699    
 Uenew xinew           2  3.77772638E-04  6.91413879E-06

   2   rms: 0.2354E+00   max: 0.1506E+01   D at   91  2   RLX: 0.996
       a = -1.000      CL = -0.2656
      Cm =  0.0366     CD =  0.02084   =>   CDf =  0.00860    CDp =  0.01224

 MRCHDU: Convergence failed at  91  side 2    Res =  0.1886E+01
 MRCHDU: Convergence failed at  92  side 2    Res =  0.2145E+02
 MRCHDU: Convergence failed at  93  side 2    Res =  0.2295E+01
 Side 1 forced transition at x/c =  1.0000   78
 Side 2  free  transition at x/c =  0.9029   78

   3   rms: 0.6994E+00   max: 0.1251E+02   T at    2  2   RLX: 0.109
       a = -1.000      CL = -0.2755
      Cm =  0.0372     CD =  0.02703   =>   CDf =  0.00838    CDp =  0.01865

 Side 1 forced transition at x/c =  1.0000   78
 Side 2  free  transition at x/c =  0.9026   77

   4   rms: 0.6628E-01   max: 0.3562E+00   D at   93  2
       a = -1.000      CL = -0.3305
      Cm =  0.0457     CD =  0.02651   =>   CDf =  0.00836    CDp =  0.01815

 Side 1 forced transition at x/c =  1.0000   78
 Side 2  free  transition at x/c =  0.8863   77

   5   rms: 0.3394E-01   max: -.1887E+00   D at   93  2
       a = -1.000      CL = -0.3508
      Cm =  0.0488     CD =  0.02598   =>   CDf =  0.00816    CDp =  0.01782

 Side 1 forced transition at x/c =  1.0000   78
 Side 2  free  transition at x/c =  0.8920   77

   6   rms: 0.4035E-02   max: -.3478E-01   D at   93  2
       a = -1.000      CL = -0.3527
      Cm =  0.0490     CD =  0.02611   =>   CDf =  0.00814    CDp =  0.01796

 Side 1 forced transition at x/c =  1.0000   78
 Side 2  free  transition at x/c =  0.8925   77

   7   rms: 0.1023E-03   max: -.1299E-02   D at   93  2
       a = -1.000      CL = -0.3527
      Cm =  0.0490     CD =  0.02611   =>   CDf =  0.00814    CDp =  0.01798

 Side 1 forced transition at x/c =  1.0000   78
 Side 2  free  transition at x/c =  0.8925   77

   8   rms: 0.3338E-05   max: -.1409E-04   D at   81  2
       a = -1.000      CL = -0.3527
      Cm =  0.0490     CD =  0.02611   =>   CDf =  0.00814    CDp =  0.01798
 plradd ia,ip,cpol            1          77  6.17055371E-02

 Point added to stored polar  1
 Save file unspecified or not available
 Dump file unspecified or not available

.OPERva   c>  
.OPERva   c>  
.OPERva   c>   Calculating wake trajectory ...
 Calculating source influence matrix ...

 Solving BL system ...

 Side 1 forced transition at x/c =  1.0000   78
 Side 2  free  transition at x/c =  0.8925   77
 idif Ue xi dudx           2  0.29233322      5.67543507E-03   51.508511    
 Uenew xinew           3  0.17607903      3.41844559E-03

   1   rms: 0.2396E+00   max: 0.1080E+01   T at   77  2   RLX: 0.874
       a = -2.000      CL = -0.5354
      Cm =  0.0652     CD =  0.02229   =>   CDf =  0.00807    CDp =  0.01422

 MRCHDU: Convergence failed at  80  side 2    Res =  0.1032E+01
 MRCHDU: Convergence failed at  81  side 2    Res =  0.3019E+01
 MRCHDU: Convergence failed at  82  side 2    Res =  0.2143E+02
 MRCHDU: Convergence failed at  83  side 2    Res =  0.5475E+01
 MRCHDU: Convergence failed at  84  side 2    Res =  0.3590E+01
 MRCHDU: Convergence failed at  85  side 2    Res =  0.2997E+01
 MRCHDU: Convergence failed at  86  side 2    Res =  0.2944E+01
 Side 1 forced transition at x/c =  1.0000   76
 Side 2  free  transition at x/c =  0.8100   74

   2   rms: 0.1204E+00   max: 0.5170E+00   D at   94  2
       a = -2.000      CL = -0.4160
      Cm =  0.0419     CD =  0.02403   =>   CDf =  0.00811    CDp =  0.01592

 Side 1 forced transition at x/c =  1.0000   77
 Side 2  free  transition at x/c =  0.7827   72
 idif Ue xi dudx           1  0.12646608      2.50828266E-03   50.419388    
 Uenew xinew           2  8.94957408E-03  1.77502632E-04

   3   rms: 0.6238E-01   max: -.3461E+00   D at   77  2
       a = -2.000      CL = -0.4631
      Cm =  0.0474     CD =  0.02360   =>   CDf =  0.00817    CDp =  0.01542

 Side 1 forced transition at x/c =  1.0000   76
 Side 2  free  transition at x/c =  0.7927   74

   4   rms: 0.6205E-02   max: 0.3241E-01   T at   74  2
       a = -2.000      CL = -0.4681
      Cm =  0.0483     CD =  0.02382   =>   CDf =  0.00820    CDp =  0.01561

 Side 1 forced transition at x/c =  1.0000   76
 Side 2  free  transition at x/c =  0.7903   73

   5   rms: 0.4603E-02   max: 0.3062E-01   D at   76  2
       a = -2.000      CL = -0.4660
      Cm =  0.0482     CD =  0.02395   =>   CDf =  0.00818    CDp =  0.01577

 Side 1 forced transition at x/c =  1.0000   76
 Side 2  free  transition at x/c =  0.7882   73

   6   rms: 0.4430E-03   max: -.3519E-02   D at   76  2
       a = -2.000      CL = -0.4661
      Cm =  0.0482     CD =  0.02392   =>   CDf =  0.00817    CDp =  0.01575

 Side 1 forced transition at x/c =  1.0000   76
 Side 2  free  transition at x/c =  0.7885   73

   7   rms: 0.1243E-04   max: -.5444E-04   D at   95  2
       a = -2.000      CL = -0.4661
      Cm =  0.0482     CD =  0.02392   =>   CDf =  0.00817    CDp =  0.01575
 plradd ia,ip,cpol            2          75  4.32152376E-02

 Point added to stored polar  1
 Save file unspecified or not available
 Dump file unspecified or not available

.OPERva   c>  
.OPERva   c>  
.OPERva   c>   Calculating wake trajectory ...
 Calculating source influence matrix ...

 Solving BL system ...

 Side 1 forced transition at x/c =  1.0000   76
 Side 2  free  transition at x/c =  0.7885   73

   1   rms: 0.1701E+00   max: 0.1601E+01   T at   73  2   RLX: 0.628
       a = -3.000      CL = -0.4786
      Cm =  0.0417     CD =  0.02531   =>   CDf =  0.00819    CDp =  0.01712

 Side 1 forced transition at x/c =  1.0000   76
 Side 2  free  transition at x/c =  0.7113   69
 idif Ue xi dudx           1  0.12993051      2.72846222E-03   47.620419    
 Uenew xinew           2  1.50208026E-02  3.15427780E-04

   2   rms: 0.9892E-01   max: -.5686E+00   D at   72  2   RLX: 0.879
       a = -3.000      CL = -0.5191
      Cm =  0.0386     CD =  0.02402   =>   CDf =  0.00823    CDp =  0.01579

 Side 1 forced transition at x/c =  1.0000   75
 Side 2  free  transition at x/c =  0.6848   69

   3   rms: 0.4881E-01   max: -.3964E+00   D at   73  2
       a = -3.000      CL = -0.5357
      Cm =  0.0385     CD =  0.02311   =>   CDf =  0.00834    CDp =  0.01477

 Side 1 forced transition at x/c =  1.0000   75
 Side 2  free  transition at x/c =  0.6883   69

   4   rms: 0.5872E-02   max: 0.5994E-01   D at   72  2
       a = -3.000      CL = -0.5362
      Cm =  0.0389     CD =  0.02338   =>   CDf =  0.00839    CDp =  0.01499

 Side 1 forced transition at x/c =  1.0000   75
 Side 2  free  transition at x/c =  0.6854   69

   5   rms: 0.4474E-03   max: -.3618E-02   D at   71  2
       a = -3.000      CL = -0.5362
      Cm =  0.0388     CD =  0.02336   =>   CDf =  0.00839    CDp =  0.01497

 Side 1 forced transition at x/c =  1.0000   75
 Side 2  free  transition at x/c =  0.6855   69

   6   rms: 0.6149E-05   max: -.2747E-04   D at   96  2
       a = -3.000      CL = -0.5362
      Cm =  0.0388     CD =  0.02336   =>   CDf =  0.00838    CDp =  0.01498
 plradd ia,ip,cpol            3          74  2.94939224E-02

 Point added to stored polar  1
 Save file unspecified or not available
 Dump file unspecified or not available

.OPERva   c>  
.OPERva   c>  
.OPERva   c>   Calculating wake trajectory ...
 Calculating source influence matrix ...

 Solving BL system ...

 Side 1 forced transition at x/c =  1.0000   75
 Side 2  free  transition at x/c =  0.6855   69
 idif Ue xi dudx           1  0.17358007      3.92484665E-03   44.225948    
 Uenew xinew           2  6.28017783E-02  1.42002106E-03

   1   rms: 0.1694E+00   max: 0.1141E+01   T at   69  2
       a = -4.000      CL = -0.6163
      Cm =  0.0300     CD =  0.02233   =>   CDf =  0.00835    CDp =  0.01398

 MRCHDU: Convergence failed at  70  side 2    Res =  0.2584E+01
 MRCHDU: Convergence failed at  71  side 2    Res =  0.9841E+01
 MRCHDU: Convergence failed at  72  side 2    Res =  0.5175E+01
 MRCHDU: Convergence failed at  73  side 2    Res =  0.8269E+01
 MRCHDU: Convergence failed at  74  side 2    Res =  0.1320E+02
 MRCHDU: Convergence failed at  75  side 2    Res =  0.1259E+02
 MRCHDU: Convergence failed at  76  side 2    Res =  0.8754E+01
 MRCHDU: Convergence failed at  77  side 2    Res =  0.5894E+01
 MRCHDU: Convergence failed at  78  side 2    Res =  0.4679E+01
 MRCHDU: Convergence failed at  79  side 2    Res =  0.3824E+01
 MRCHDU: Convergence failed at  80  side 2    Res =  0.5349E+01
 MRCHDU: Convergence failed at  81  side 2    Res =  0.6449E+01
 MRCHDU: Convergence failed at  82  side 2    Res =  0.8036E+01
 MRCHDU: Convergence failed at  83  side 2    Res =  0.1054E+02
 MRCHDU: Convergence failed at  84  side 2    Res =  0.1510E+02
 MRCHDU: Convergence failed at  85  side 2    Res =  0.2380E+02
 MRCHDU: Convergence failed at  86  side 2    Res =  0.5908E+02
 MRCHDU: Convergence failed at  87  side 2    Res =  0.2443E+03
 MRCHDU: Convergence failed at  88  side 2    Res =  0.5827E+02
 Side 1 forced transition at x/c =  1.0000   74
 Side 2  free  transition at x/c =  0.6031   65

   2   rms: 0.3551E+00   max: 0.1234E+01   D at   94  2   RLX: 0.524
       a = -4.000      CL = -0.4848
      Cm =  0.0306     CD =  0.02127   =>   CDf =  0.00775    CDp =  0.01352

 Side 1 forced transition at x/c =  1.0000   75
 Side 2  free  transition at x/c =  0.6386   66

   3   rms: 0.2371E+00   max: 0.1521E+01   T at   66  2   RLX: 0.411
       a = -4.000      CL = -0.5564
      Cm =  0.0352     CD =  0.02123   =>   CDf =  0.00957    CDp =  0.01166

 Side 1 forced transition at x/c =  1.0000   75
 Side 2  free  transition at x/c =  0.5985   64
 idif Ue xi dudx           1  0.15283999      3.44920158E-03   44.311699    
 Uenew xinew           2  4.18469049E-02  9.44375992E-04

   4   rms: 0.1131E+00   max: -.7038E+00   D at   72  2   RLX: 0.710
       a = -4.000      CL = -0.5928
      Cm =  0.0299     CD =  0.02309   =>   CDf =  0.00889    CDp =  0.01419

 Side 1 forced transition at x/c =  1.0000   74
 Side 2  free  transition at x/c =  0.5968   65

   5   rms: 0.3791E-01   max: -.4008E+00   D at   73  2
       a = -4.000      CL = -0.6074
      Cm =  0.0298     CD =  0.02354   =>   CDf =  0.00873    CDp =  0.01482

 Side 1 forced transition at x/c =  1.0000   74
 Side 2  free  transition at x/c =  0.5853   65

   6   rms: 0.1299E-01   max: -.1475E+00   D at   73  2
       a = -4.000      CL = -0.6102
      Cm =  0.0300     CD =  0.02357   =>   CDf =  0.00874    CDp =  0.01483

 Side 1 forced transition at x/c =  1.0000   74
 Side 2  free  transition at x/c =  0.5861   65

   7   rms: 0.6109E-03   max: -.1220E-01   D at   73  2
       a = -4.000      CL = -0.6101
      Cm =  0.0300     CD =  0.02359   =>   CDf =  0.00875    CDp =  0.01485

 Side 1 forced transition at x/c =  1.0000   74
 Side 2  free  transition at x/c =  0.5860   65

   8   rms: 0.6158E-05   max: -.1231E-03   D at   73  2
       a = -4.000      CL = -0.6101
      Cm =  0.0300     CD =  0.02359   =>   CDf =  0.00875    CDp =  0.01484
 plradd ia,ip,cpol            4          73  2.22854540E-02

 Point added to stored polar  1
 Save file unspecified or not available
 Dump file unspecified or not available

.OPERva   c>  
.OPERva   c>  
.OPERva   c>   Calculating wake trajectory ...
 Calculating source influence matrix ...

 Solving BL system ...

 Side 1 forced transition at x/c =  1.0000   74
 Side 2  free  transition at x/c =  0.5860   65
 idif Ue xi dudx           1  0.14716648      3.57782841E-03   41.132904    
 Uenew xinew           2  3.99236791E-02  9.70602036E-04

   1   rms: 0.2048E+00   max: 0.1292E+01   T at   65  2   RLX: 0.600
       a = -5.000      CL = -0.6696
      Cm =  0.0253     CD =  0.02302   =>   CDf =  0.00871    CDp =  0.01431

 MRCHDU: Convergence failed at  66  side 2    Res =  0.3584E+01
 MRCHDU: Convergence failed at  67  side 2    Res =  0.1299E+02
 MRCHDU: Convergence failed at  68  side 2    Res =  0.5439E+01
 MRCHDU: Convergence failed at  69  side 2    Res =  0.5134E+01
 MRCHDU: Convergence failed at  70  side 2    Res =  0.7395E+01
 MRCHDU: Convergence failed at  71  side 2    Res =  0.7700E+01
 MRCHDU: Convergence failed at  72  side 2    Res =  0.6480E+01
 MRCHDU: Convergence failed at  73  side 2    Res =  0.5116E+01
 MRCHDU: Convergence failed at  74  side 2    Res =  0.4252E+01
 MRCHDU: Convergence failed at  75  side 2    Res =  0.3822E+01
 MRCHDU: Convergence failed at  76  side 2    Res =  0.5322E+01
 MRCHDU: Convergence failed at  77  side 2    Res =  0.6022E+01
 MRCHDU: Convergence failed at  78  side 2    Res =  0.7434E+01
 MRCHDU: Convergence failed at  79  side 2    Res =  0.8685E+01
 MRCHDU: Convergence failed at  80  side 2    Res =  0.1048E+02
 MRCHDU: Convergence failed at  81  side 2    Res =  0.1354E+02
 MRCHDU: Convergence failed at  82  side 2    Res =  0.1834E+02
 MRCHDU: Convergence failed at  83  side 2    Res =  0.2912E+02
 MRCHDU: Convergence failed at  84  side 2    Res =  0.6836E+02
 MRCHDU: Convergence failed at  85  side 2    Res =  0.3009E+03
 MRCHDU: Convergence failed at  86  side 2    Res =  0.4950E+02
 MRCHDU: Convergence failed at  87  side 2    Res =  0.2836E+02
 MRCHDU: Convergence failed at  88  side 2    Res =  0.2006E+02
 MRCHDU: Convergence failed at  89  side 2    Res =  0.1622E+02
 Side 1 forced transition at x/c =  1.0000   73
 Side 2  free  transition at x/c =  0.5421   63

   2   rms: 0.4559E+00   max: 0.1784E+01   D at   95  2   RLX: 0.455
       a = -5.000      CL = -0.5935
      Cm =  0.0546     CD =  0.01838   =>   CDf =  0.00747    CDp =  0.01091

 Side 1 forced transition at x/c =  1.0000   74
 Side 2  free  transition at x/c =  0.5461   62

   3   rms: 0.2576E+00   max: 0.1588E+01   T at   62  2   RLX: 0.402
       a = -5.000      CL = -0.6322
      Cm =  0.0382     CD =  0.02068   =>   CDf =  0.01025    CDp =  0.01044

 Side 1 forced transition at x/c =  1.0000   74
 Side 2  free  transition at x/c =  0.5083   60
 idif Ue xi dudx           1  0.15700163      3.89575958E-03   40.300648    
 Uenew xinew           2  5.19287214E-02  1.28853321E-03

   4   rms: 0.1608E+00   max: -.8514E+00   D at   69  2   RLX: 0.587
       a = -5.000      CL = -0.6616
      Cm =  0.0262     CD =  0.02339   =>   CDf =  0.00934    CDp =  0.01405

 Side 1 forced transition at x/c =  1.0000   73
 Side 2  free  transition at x/c =  0.5033   61

   5   rms: 0.7835E-01   max: -.6439E+00   D at   71  2   RLX: 0.777
       a = -5.000      CL = -0.6760
      Cm =  0.0217     CD =  0.02369   =>   CDf =  0.00901    CDp =  0.01468

 Side 1 forced transition at x/c =  1.0000   73
 Side 2  free  transition at x/c =  0.4945   61

   6   rms: 0.3770E-01   max: -.4136E+00   D at   72  2
       a = -5.000      CL = -0.6826
      Cm =  0.0211     CD =  0.02438   =>   CDf =  0.00901    CDp =  0.01538

 Side 1 forced transition at x/c =  1.0000   73
 Side 2  free  transition at x/c =  0.4889   60

   7   rms: 0.1168E-01   max: -.9065E-01   D at   72  2
       a = -5.000      CL = -0.6810
      Cm =  0.0214     CD =  0.02482   =>   CDf =  0.00913    CDp =  0.01568

 Side 1 forced transition at x/c =  1.0000   73
 Side 2  free  transition at x/c =  0.4848   60

   8   rms: 0.1967E-02   max: -.1697E-01   D at   62  2
       a = -5.000      CL = -0.6816
      Cm =  0.0214     CD =  0.02476   =>   CDf =  0.00909    CDp =  0.01567

 Side 1 forced transition at x/c =  1.0000   73
 Side 2  free  transition at x/c =  0.4853   60

   9   rms: 0.2761E-04   max: 0.2191E-03   D at   71  2
       a = -5.000      CL = -0.6817
      Cm =  0.0214     CD =  0.02476   =>   CDf =  0.00909    CDp =  0.01568
 plradd ia,ip,cpol            5          72  1.91517211E-02

 Point added to stored polar  1
 Save file unspecified or not available
 Dump file unspecified or not available

.OPERva   c>  
.OPERva   c>  
.OPERva   c>   Calculating wake trajectory ...
 Calculating source influence matrix ...

 Solving BL system ...

 Side 1 forced transition at x/c =  1.0000   73
 Side 2  free  transition at x/c =  0.4853   60
 idif Ue xi dudx           1  0.18237755      4.85301018E-03   37.580292    
 Uenew xinew           2  8.00920054E-02  2.13122368E-03

   1   rms: 0.1632E+00   max: 0.1505E+01   T at   60  2   RLX: 0.997
       a = -6.000      CL = -0.7377
      Cm =  0.0125     CD =  0.02716   =>   CDf =  0.00903    CDp =  0.01813

 MRCHDU: Convergence failed at  61  side 2    Res =  0.8051E+01
 MRCHDU: Convergence failed at  62  side 2    Res =  0.9776E+01
 MRCHDU: Convergence failed at  63  side 2    Res =  0.3073E+02
 MRCHDU: Convergence failed at  64  side 2    Res =  0.4303E+02
 MRCHDU: Convergence failed at  65  side 2    Res =  0.3119E+02
 MRCHDU: Convergence failed at  66  side 2    Res =  0.2259E+02
 MRCHDU: Convergence failed at  67  side 2    Res =  0.1941E+02
 MRCHDU: Convergence failed at  68  side 2    Res =  0.1856E+02
 MRCHDU: Convergence failed at  69  side 2    Res =  0.2040E+02
 MRCHDU: Convergence failed at  70  side 2    Res =  0.2239E+02
 MRCHDU: Convergence failed at  71  side 2    Res =  0.2398E+02
 MRCHDU: Convergence failed at  72  side 2    Res =  0.2484E+02
 MRCHDU: Convergence failed at  73  side 2    Res =  0.2648E+02
 MRCHDU: Convergence failed at  74  side 2    Res =  0.2540E+02
 MRCHDU: Convergence failed at  75  side 2    Res =  0.2363E+02
 MRCHDU: Convergence failed at  76  side 2    Res =  0.2158E+02
 MRCHDU: Convergence failed at  77  side 2    Res =  0.1951E+02
 MRCHDU: Convergence failed at  78  side 2    Res =  0.1813E+02
 MRCHDU: Convergence failed at  79  side 2    Res =  0.1669E+02
 MRCHDU: Convergence failed at  80  side 2    Res =  0.1493E+02
 MRCHDU: Convergence failed at  81  side 2    Res =  0.1338E+02
 MRCHDU: Convergence failed at  82  side 2    Res =  0.1200E+02
 MRCHDU: Convergence failed at  83  side 2    Res =  0.1036E+02
 MRCHDU: Convergence failed at  84  side 2    Res =  0.1162E+02
 MRCHDU: Convergence failed at  85  side 2    Res =  0.1323E+02
 MRCHDU: Convergence failed at  86  side 2    Res =  0.1537E+02
 MRCHDU: Convergence failed at  87  side 2    Res =  0.1792E+02
 MRCHDU: Convergence failed at  88  side 2    Res =  0.2122E+02
 MRCHDU: Convergence failed at  89  side 2    Res =  0.2585E+02
 MRCHDU: Convergence failed at  90  side 2    Res =  0.2937E+02
 Side 1 forced transition at x/c =  1.0000   72
 Side 2  free  transition at x/c =  0.4015   57

   2   rms: 0.6489E+00   max: 0.2524E+01   D at   96  2   RLX: 0.235
       a = -6.000      CL = -0.7973
      Cm =  0.1017     CD =  0.02042   =>   CDf =  0.00729    CDp =  0.01313

 Side 1 forced transition at x/c =  1.0000   73
 Side 2  free  transition at x/c =  0.4173   56
 idif Ue xi dudx           1  0.13519205      3.62765789E-03   37.267033    
 Uenew xinew           2  3.37591395E-02  9.05871391E-04

   3   rms: 0.2337E+00   max: -.8936E+00   D at   70  2   RLX: 0.560
       a = -6.000      CL = -0.7047
      Cm =  0.0218     CD =  0.03781   =>   CDf =  0.00814    CDp =  0.02968

 Side 1 forced transition at x/c =  1.0000   72
 Side 2  free  transition at x/c =  0.4124   57

   4   rms: 0.5413E+00   max: -.3249E+01   D at   82  2   RLX: 0.154
       a = -6.000      CL = -0.6853
      Cm =  0.0013     CD =  0.03330   =>   CDf =  0.00790    CDp =  0.02539

 Side 1 forced transition at x/c =  1.0000   72
 Side 2  free  transition at x/c =  0.4401   59

   5   rms: 0.2657E+00   max: -.1373E+01   D at   73  2   RLX: 0.364
       a = -6.000      CL = -0.6955
      Cm = -0.0038     CD =  0.02676   =>   CDf =  0.00822    CDp =  0.01854

 Side 1 forced transition at x/c =  1.0000   72
 Side 2  free  transition at x/c =  0.4441   59

   6   rms: 0.3155E+00   max: -.1400E+01   D at   74  2   RLX: 0.357
       a = -6.000      CL = -0.7643
      Cm =  0.0079     CD =  0.02494   =>   CDf =  0.00847    CDp =  0.01646

 Side 1 forced transition at x/c =  1.0000   72
 Side 2  free  transition at x/c =  0.4202   58
 idif Ue xi dudx           1  0.13674431      3.85093689E-03   35.509361    
 Uenew xinew           2  3.55406515E-02  1.00088120E-03

   7   rms: 0.2095E+00   max: 0.1079E+01   T at   58  2   RLX: 0.515
       a = -6.000      CL = -0.8209
      Cm =  0.0188     CD =  0.02503   =>   CDf =  0.00871    CDp =  0.01633

 MRCHDU: Convergence failed at  85  side 2    Res =  0.1068E+00
 Side 1 forced transition at x/c =  1.0000   71
 Side 2  free  transition at x/c =  0.3864   57

   8   rms: 0.1705E+00   max: -.3573E+00   U at   85  2   RLX: 0.911
       a = -6.000      CL = -0.6923
      Cm =  0.0003     CD =  0.02748   =>   CDf =  0.00938    CDp =  0.01810

 Side 1 forced transition at x/c =  1.0000   72
 Side 2  free  transition at x/c =  0.4154   57

   9   rms: 0.7086E-01   max: 0.5313E+00   T at   57  2
       a = -6.000      CL = -0.7404
      Cm =  0.0123     CD =  0.02750   =>   CDf =  0.00952    CDp =  0.01798

 Side 1 forced transition at x/c =  1.0000   72
 Side 2  free  transition at x/c =  0.3852   56

  10   rms: 0.4645E-01   max: -.3198E+00   D at   56  2
       a = -6.000      CL = -0.7532
      Cm =  0.0131     CD =  0.02653   =>   CDf =  0.00953    CDp =  0.01700

 Side 1 forced transition at x/c =  1.0000   72
 Side 2  free  transition at x/c =  0.3902   56

  11   rms: 0.7549E-02   max: 0.7797E-01   D at   58  2
       a = -6.000      CL = -0.7513
      Cm =  0.0129     CD =  0.02668   =>   CDf =  0.00946    CDp =  0.01722

 Side 1 forced transition at x/c =  1.0000   72
 Side 2  free  transition at x/c =  0.3891   56

  12   rms: 0.1853E-03   max: 0.1833E-02   D at   58  2
       a = -6.000      CL = -0.7511
      Cm =  0.0129     CD =  0.02668   =>   CDf =  0.00946    CDp =  0.01722

 Side 1 forced transition at x/c =  1.0000   72
 Side 2  free  transition at x/c =  0.3891   56

  13   rms: 0.3375E-05   max: 0.1339E-04   D at   58  2
       a = -6.000      CL = -0.7511
      Cm =  0.0129     CD =  0.02668   =>   CDf =  0.00946    CDp =  0.01722
 plradd ia,ip,cpol            6          71  1.37016894E-02

 Point added to stored polar  1
 Save file unspecified or not available
 Dump file unspecified or not available

.OPERva   c>  
.OPERva   c>  
.OPERva   c>   Calculating wake trajectory ...
 Calculating source influence matrix ...

 Solving BL system ...

 Side 1 forced transition at x/c =  1.0000   72
 Side 2  free  transition at x/c =  0.3891   56
 idif Ue xi dudx           1  0.19778098      5.75375557E-03   34.374241    
 Uenew xinew           2  9.98124778E-02  2.90369987E-03

   1   rms: 0.1748E+00   max: 0.1491E+01   T at   56  2   RLX: 0.908
       a = -7.000      CL = -0.8198
      Cm =  0.0057     CD =  0.02825   =>   CDf =  0.00939    CDp =  0.01885

 MRCHDU: Convergence failed at  57  side 2    Res =  0.1391E+02
 MRCHDU: Convergence failed at  58  side 2    Res =  0.9329E+01
 MRCHDU: Convergence failed at  59  side 2    Res =  0.2801E+02
 MRCHDU: Convergence failed at  60  side 2    Res =  0.5078E+02
 MRCHDU: Convergence failed at  61  side 2    Res =  0.9293E+02
 MRCHDU: Convergence failed at  62  side 2    Res =  0.1678E+02
 MRCHDU: Convergence failed at  63  side 2    Res =  0.7627E+01
 MRCHDU: Convergence failed at  64  side 2    Res =  0.5110E+01
 MRCHDU: Convergence failed at  65  side 2    Res =  0.6511E+01
 MRCHDU: Convergence failed at  66  side 2    Res =  0.7820E+01
 MRCHDU: Convergence failed at  67  side 2    Res =  0.9613E+01
 MRCHDU: Convergence failed at  68  side 2    Res =  0.1165E+02
 MRCHDU: Convergence failed at  69  side 2    Res =  0.1453E+02
 MRCHDU: Convergence failed at  70  side 2    Res =  0.1962E+02
 MRCHDU: Convergence failed at  71  side 2    Res =  0.2664E+02
 MRCHDU: Convergence failed at  72  side 2    Res =  0.3981E+02
 MRCHDU: Convergence failed at  73  side 2    Res =  0.7714E+02
 MRCHDU: Convergence failed at  74  side 2    Res =  0.5448E+03
 MRCHDU: Convergence failed at  75  side 2    Res =  0.1317E+03
 MRCHDU: Convergence failed at  76  side 2    Res =  0.6021E+02
 MRCHDU: Convergence failed at  77  side 2    Res =  0.4060E+02
 MRCHDU: Convergence failed at  78  side 2    Res =  0.2929E+02
 MRCHDU: Convergence failed at  79  side 2    Res =  0.2350E+02
 MRCHDU: Convergence failed at  80  side 2    Res =  0.2097E+02
 MRCHDU: Convergence failed at  81  side 2    Res =  0.1745E+02
 MRCHDU: Convergence failed at  82  side 2    Res =  0.1489E+02
 MRCHDU: Convergence failed at  83  side 2    Res =  0.1085E+02
 MRCHDU: Convergence failed at  84  side 2    Res =  0.1484E+02
 MRCHDU: Convergence failed at  85  side 2    Res =  0.1572E+02
 MRCHDU: Convergence failed at  86  side 2    Res =  0.1683E+02
 MRCHDU: Convergence failed at  87  side 2    Res =  0.2468E+02
 MRCHDU: Convergence failed at  88  side 2    Res =  0.2970E+02
 MRCHDU: Convergence failed at  89  side 2    Res =  0.2435E+02
 MRCHDU: Convergence failed at  90  side 2    Res =  0.3958E+02
 MRCHDU: Convergence failed at  91  side 2    Res =  0.4752E+02
 Side 1 forced transition at x/c =  1.0000   71
 Side 2  free  transition at x/c =  0.3263   53

   2   rms: 0.6854E+00   max: -.3397E+01   T at   53  2   RLX: 0.147
       a = -7.000      CL = -1.0668
      Cm =  0.1600     CD =  0.01670   =>   CDf =  0.00680    CDp =  0.00990

 Side 1 forced transition at x/c =  1.0000   71
 Side 2  free  transition at x/c =  0.3523   55

   3   rms: 0.2273E+00   max: -.4794E+00   D at   92  2   RLX: 0.582
       a = -7.000      CL = -0.8561
      Cm =  0.0365     CD =  0.02819   =>   CDf =  0.00952    CDp =  0.01867

 Side 1 forced transition at x/c =  1.0000   71
 Side 2  free  transition at x/c =  0.3442   54

   4   rms: 0.4071E+00   max: 0.3549E+01   T at   54  2   RLX: 0.203
       a = -7.000      CL = -0.8842
      Cm =  0.0301     CD =  0.02877   =>   CDf =  0.00923    CDp =  0.01954

 Side 1 forced transition at x/c =  1.0000   71
 Side 2  free  transition at x/c =  0.3097   52
 idif Ue xi dudx           1  0.12200762      3.81886959E-03   31.948622    
 Uenew xinew           2  2.63629388E-02  8.25166702E-04

   5   rms: 0.2534E+00   max: 0.2321E+01   T at   52  2   RLX: 0.275
       a = -7.000      CL = -0.9047
      Cm =  0.0278     CD =  0.03182   =>   CDf =  0.00894    CDp =  0.02288

 Side 1 forced transition at x/c =  1.0000   70
 Side 2  free  transition at x/c =  0.2870   52

   6   rms: 0.2285E+00   max: -.9328E+00   D at   82  2   RLX: 0.536
       a = -7.000      CL = -0.9402
      Cm =  0.0248     CD =  0.03210   =>   CDf =  0.00870    CDp =  0.02340

 Side 1 forced transition at x/c =  1.0000   70
 Side 2  free  transition at x/c =  0.2738   51

   7   rms: 0.1699E+00   max: -.7706E+00   D at   84  2   RLX: 0.649
       a = -7.000      CL = -0.9509
      Cm =  0.0243     CD =  0.02988   =>   CDf =  0.00904    CDp =  0.02084

 Side 1 forced transition at x/c =  1.0000   70
 Side 2  free  transition at x/c =  0.2730   51

   8   rms: 0.9458E-01   max: -.5728E+00   D at   76  2   RLX: 0.873
       a = -7.000      CL = -0.9204
      Cm =  0.0206     CD =  0.02908   =>   CDf =  0.00946    CDp =  0.01962

 Side 1 forced transition at x/c =  1.0000   70
 Side 2  free  transition at x/c =  0.2821   52

   9   rms: 0.8682E-01   max: 0.5079E+00   D at   53  2
       a = -7.000      CL = -0.8420
      Cm =  0.0092     CD =  0.03007   =>   CDf =  0.00966    CDp =  0.02041

 Side 1 forced transition at x/c =  1.0000   70
 Side 2  free  transition at x/c =  0.2954   53

  10   rms: 0.3360E-01   max: -.2866E+00   T at   53  2
       a = -7.000      CL = -0.8123
      Cm =  0.0036     CD =  0.02959   =>   CDf =  0.01004    CDp =  0.01955

 Side 1 forced transition at x/c =  1.0000   71
 Side 2  free  transition at x/c =  0.3050   52
 idif Ue xi dudx           1  9.90185663E-02  3.07071209E-03   32.246124    
 Uenew xinew           2  2.48324824E-03  7.70092010E-05

  11   rms: 0.3237E-01   max: -.1907E+00   D at   53  2
       a = -7.000      CL = -0.8197
      Cm =  0.0047     CD =  0.02954   =>   CDf =  0.00971    CDp =  0.01983

 Side 1 forced transition at x/c =  1.0000   70
 Side 2  free  transition at x/c =  0.3061   53

  12   rms: 0.3756E-02   max: -.4048E-01   T at    2  2
       a = -7.000      CL = -0.8186
      Cm =  0.0046     CD =  0.02960   =>   CDf =  0.00983    CDp =  0.01977

 Side 1 forced transition at x/c =  1.0000   70
 Side 2  free  transition at x/c =  0.3060   53

  13   rms: 0.1308E-02   max: -.1812E-01   D at    4  2
       a = -7.000      CL = -0.8186
      Cm =  0.0046     CD =  0.02960   =>   CDf =  0.00983    CDp =  0.01977

 Side 1 forced transition at x/c =  1.0000   70
 Side 2  free  transition at x/c =  0.3060   53

  14   rms: 0.6374E-05   max: 0.7459E-04   D at    6  2
       a = -7.000      CL = -0.8186
      Cm =  0.0046     CD =  0.02960   =>   CDf =  0.00983    CDp =  0.01977
 plradd ia,ip,cpol            7          69  1.13508655E-02

 Point added to stored polar  1
 Save file unspecified or not available
 Dump file unspecified or not available

.OPERva   c>  
.OPERva   c>  
.OPERva   c>   Calculating wake trajectory ...
 Calculating source influence matrix ...

 Solving BL system ...

 Side 1 forced transition at x/c =  1.0000   70
 Side 2  free  transition at x/c =  0.3060   53

   1   rms: 0.1722E+00   max: 0.1599E+01   T at   53  2   RLX: 0.773
       a = -8.000      CL = -0.8423
      Cm = -0.0051     CD =  0.03340   =>   CDf =  0.00985    CDp =  0.02355

 MRCHDU: Convergence failed at  53  side 2    Res =  0.1951E+02
 MRCHDU: Convergence failed at  54  side 2    Res =  0.6248E+01
 MRCHDU: Convergence failed at  55  side 2    Res =  0.9859E+01
 MRCHDU: Convergence failed at  56  side 2    Res =  0.1871E+02
 MRCHDU: Convergence failed at  57  side 2    Res =  0.1069E+03
 MRCHDU: Convergence failed at  58  side 2    Res =  0.3916E+02
 MRCHDU: Convergence failed at  59  side 2    Res =  0.1972E+02
 MRCHDU: Convergence failed at  60  side 2    Res =  0.1536E+02
 MRCHDU: Convergence failed at  61  side 2    Res =  0.1336E+02
 MRCHDU: Convergence failed at  62  side 2    Res =  0.1246E+02
 MRCHDU: Convergence failed at  63  side 2    Res =  0.1222E+02
 MRCHDU: Convergence failed at  64  side 2    Res =  0.1227E+02
 MRCHDU: Convergence failed at  65  side 2    Res =  0.1242E+02
 MRCHDU: Convergence failed at  66  side 2    Res =  0.1271E+02
 MRCHDU: Convergence failed at  67  side 2    Res =  0.1311E+02
 MRCHDU: Convergence failed at  68  side 2    Res =  0.1361E+02
 MRCHDU: Convergence failed at  69  side 2    Res =  0.1418E+02
 MRCHDU: Convergence failed at  70  side 2    Res =  0.1484E+02
 MRCHDU: Convergence failed at  71  side 2    Res =  0.1565E+02
 MRCHDU: Convergence failed at  72  side 2    Res =  0.1660E+02
 MRCHDU: Convergence failed at  73  side 2    Res =  0.1771E+02
 MRCHDU: Convergence failed at  74  side 2    Res =  0.1902E+02
 MRCHDU: Convergence failed at  75  side 2    Res =  0.2058E+02
 MRCHDU: Convergence failed at  76  side 2    Res =  0.2247E+02
 MRCHDU: Convergence failed at  77  side 2    Res =  0.2871E+02
 MRCHDU: Convergence failed at  78  side 2    Res =  0.2976E+02
 MRCHDU: Convergence failed at  79  side 2    Res =  0.2893E+02
 MRCHDU: Convergence failed at  80  side 2    Res =  0.3129E+02
 MRCHDU: Convergence failed at  81  side 2    Res =  0.4864E+02
 MRCHDU: Convergence failed at  82  side 2    Res =  0.6604E+02
 MRCHDU: Convergence failed at  83  side 2    Res =  0.4769E+02
 MRCHDU: Convergence failed at  84  side 2    Res =  0.5520E+02
 MRCHDU: Convergence failed at  85  side 2    Res =  0.5689E+02
 MRCHDU: Convergence failed at  86  side 2    Res =  0.1472E+03
 MRCHDU: Convergence failed at  87  side 2    Res =  0.2181E+04
 MRCHDU: Convergence failed at  88  side 2    Res =  0.5794E+02
 MRCHDU: Convergence failed at  89  side 2    Res =  0.2074E+03
 MRCHDU: Convergence failed at  90  side 2    Res =  0.2021E+03
 MRCHDU: Convergence failed at  91  side 2    Res =  0.2919E+02
 MRCHDU: Convergence failed at  92  side 2    Res =  0.2686E+02
 Side 1 forced transition at x/c =  1.0000   70
 Side 2  free  transition at x/c =  0.2592   51

   2   rms: 0.9113E+00   max: -.4684E+01   C at   70  1   RLX: 0.107
       a = -8.000      CL = -1.3019
      Cm =  0.2391     CD =  0.01571   =>   CDf =  0.00669    CDp =  0.00902

 Side 1 forced transition at x/c =  1.0000   70
 Side 2  free  transition at x/c =  0.2651   51

   3   rms: 0.2875E+00   max: -.1038E+01   C at   70  1   RLX: 0.482
       a = -8.000      CL = -0.8166
      Cm =  0.0440     CD =  0.05862   =>   CDf =  0.00737    CDp =  0.05124

 Side 1 forced transition at x/c =  1.0000   71
 Side 2  free  transition at x/c =  0.2796   51

   4   rms: 0.2136E+00   max: -.8080E+00   D at   64  2   RLX: 0.619
       a = -8.000      CL = -0.7134
      Cm = -0.0106     CD =  0.05156   =>   CDf =  0.00769    CDp =  0.04387

 Side 1 forced transition at x/c =  1.0000   71
 Side 2  free  transition at x/c =  0.2885   51

   5   rms: 0.1772E+01   max: 0.5214E+01   D at   62  2   RLX: 0.169
       a = -8.000      CL = -0.5109
      Cm = -0.0073     CD =  0.08433   =>   CDf =  0.00787    CDp =  0.07646

 Side 1 forced transition at x/c =  1.0000   72
 Side 2  free  transition at x/c =  0.2880   50
 idif Ue xi dudx           1  0.12304039      3.62849236E-03   33.909508    
 Uenew xinew           2  2.63964031E-02  7.78436661E-04

   6   rms: 0.4387E+00   max: -.1118E+01   D at   61  2   RLX: 0.447
       a = -8.000      CL = -0.5858
      Cm = -0.0380     CD =  0.05205   =>   CDf =  0.00796    CDp =  0.04409

 Side 1 forced transition at x/c =  1.0000   71
 Side 2  free  transition at x/c =  0.2877   51
 idif Ue xi dudx           1  0.11394405      3.50201130E-03   32.536747    
 Uenew xinew           2  1.65387020E-02  5.08308411E-04

   7   rms: 0.3457E+00   max: 0.1322E+01   C at   71  1   RLX: 0.440
       a = -8.000      CL = -0.7099
      Cm = -0.0286     CD =  0.03124   =>   CDf =  0.00937    CDp =  0.02187

 Side 1 forced transition at x/c =  1.0000   70
 Side 2  free  transition at x/c =  0.2763   52

   8   rms: 0.2356E+00   max: -.1005E+01   D at   58  2   RLX: 0.497
       a = -8.000      CL = -0.8090
      Cm = -0.0165     CD =  0.03037   =>   CDf =  0.00983    CDp =  0.02054

 MRCHDU: Convergence failed at  53  side 2    Res =  0.9165E+01
 MRCHDU: Convergence failed at  54  side 2    Res =  0.1197E+01
 MRCHDU: Convergence failed at  55  side 2    Res =  0.3411E+01
 MRCHDU: Convergence failed at  56  side 2    Res =  0.3791E+02
 MRCHDU: Convergence failed at  57  side 2    Res =  0.5860E+01
 MRCHDU: Convergence failed at  58  side 2    Res =  0.3809E+01
 MRCHDU: Convergence failed at  59  side 2    Res =  0.3020E+01
 MRCHDU: Convergence failed at  60  side 2    Res =  0.3001E+01
 MRCHDU: Convergence failed at  61  side 2    Res =  0.2951E+01
 MRCHDU: Convergence failed at  62  side 2    Res =  0.3017E+01
 MRCHDU: Convergence failed at  63  side 2    Res =  0.3241E+01
 MRCHDU: Convergence failed at  64  side 2    Res =  0.3529E+01
 MRCHDU: Convergence failed at  65  side 2    Res =  0.3884E+01
 MRCHDU: Convergence failed at  66  side 2    Res =  0.4440E+01
 MRCHDU: Convergence failed at  67  side 2    Res =  0.4833E+01
 MRCHDU: Convergence failed at  68  side 2    Res =  0.5293E+01
 MRCHDU: Convergence failed at  69  side 2    Res =  0.5944E+01
 MRCHDU: Convergence failed at  70  side 2    Res =  0.6652E+01
 MRCHDU: Convergence failed at  71  side 2    Res =  0.7697E+01
 MRCHDU: Convergence failed at  72  side 2    Res =  0.9095E+01
 MRCHDU: Convergence failed at  73  side 2    Res =  0.1117E+02
 MRCHDU: Convergence failed at  74  side 2    Res =  0.1349E+02
 MRCHDU: Convergence failed at  75  side 2    Res =  0.1686E+02
 MRCHDU: Convergence failed at  76  side 2    Res =  0.2516E+02
 MRCHDU: Convergence failed at  77  side 2    Res =  0.4923E+02
 MRCHDU: Convergence failed at  78  side 2    Res =  0.2133E+03
 MRCHDU: Convergence failed at  79  side 2    Res =  0.5670E+02
 MRCHDU: Convergence failed at  80  side 2    Res =  0.2584E+02
 MRCHDU: Convergence failed at  81  side 2    Res =  0.1476E+02
 MRCHDU: Convergence failed at  82  side 2    Res =  0.1018E+02
 MRCHDU: Convergence failed at  83  side 2    Res =  0.8295E+01
 MRCHDU: Convergence failed at  84  side 2    Res =  0.1630E+02
 MRCHDU: Convergence failed at  85  side 2    Res =  0.2406E+02
 MRCHDU: Convergence failed at  86  side 2    Res =  0.5649E+02
 MRCHDU: Convergence failed at  87  side 2    Res =  0.3414E+02
 MRCHDU: Convergence failed at  88  side 2    Res =  0.2437E+02
 MRCHDU: Convergence failed at  89  side 2    Res =  0.2879E+02
 MRCHDU: Convergence failed at  90  side 2    Res =  0.2907E+02
 MRCHDU: Convergence failed at  91  side 2    Res =  0.2774E+02
 MRCHDU: Convergence failed at  92  side 2    Res =  0.3105E+02
 Side 1 forced transition at x/c =  1.0000   70
 Side 2  free  transition at x/c =  0.2676   51

   9   rms: 0.5821E+00   max: 0.2004E+01   D at   92  2   RLX: 0.485
       a = -8.000      CL = -1.0916
      Cm =  0.1246     CD =  0.01662   =>   CDf =  0.00751    CDp =  0.00911

 Side 1 forced transition at x/c =  1.0000   70
 Side 2  free  transition at x/c =  0.2588   51
 idif Ue xi dudx           1  0.14793471      5.17642498E-03   28.578547    
 Uenew xinew           2  5.77781051E-02  2.02172995E-03

  10   rms: 0.3224E+00   max: 0.1342E+01   C at   70  1   RLX: 0.940
       a = -8.000      CL = -0.9707
      Cm =  0.0156     CD =  0.02713   =>   CDf =  0.01385    CDp =  0.01328

 MRCHDU: Convergence failed at  52  side 2    Res =  0.9647E+01
 MRCHDU: Convergence failed at  53  side 2    Res =  0.5055E+02
 MRCHDU: Convergence failed at  54  side 2    Res =  0.2104E+02
 MRCHDU: Convergence failed at  55  side 2    Res =  0.1849E+02
 MRCHDU: Convergence failed at  56  side 2    Res =  0.1962E+02
 MRCHDU: Convergence failed at  57  side 2    Res =  0.2371E+02
 MRCHDU: Convergence failed at  58  side 2    Res =  0.3075E+02
 MRCHDU: Convergence failed at  59  side 2    Res =  0.4036E+02
 MRCHDU: Convergence failed at  60  side 2    Res =  0.5768E+02
 MRCHDU: Convergence failed at  61  side 2    Res =  0.9954E+02
 MRCHDU: Convergence failed at  62  side 2    Res =  0.2547E+03
 MRCHDU: Convergence failed at  63  side 2    Res =  0.2543E+04
 MRCHDU: Convergence failed at  64  side 2    Res =  0.1981E+03
 MRCHDU: Convergence failed at  65  side 2    Res =  0.1208E+03
 MRCHDU: Convergence failed at  66  side 2    Res =  0.9141E+02
 MRCHDU: Convergence failed at  67  side 2    Res =  0.7827E+02
 MRCHDU: Convergence failed at  68  side 2    Res =  0.6323E+02
 MRCHDU: Convergence failed at  69  side 2    Res =  0.5741E+02
 MRCHDU: Convergence failed at  70  side 2    Res =  0.4995E+02
 MRCHDU: Convergence failed at  71  side 2    Res =  0.4989E+02
 MRCHDU: Convergence failed at  72  side 2    Res =  0.4688E+02
 MRCHDU: Convergence failed at  73  side 2    Res =  0.4335E+02
 MRCHDU: Convergence failed at  74  side 2    Res =  0.3877E+02
 MRCHDU: Convergence failed at  75  side 2    Res =  0.3498E+02
 MRCHDU: Convergence failed at  76  side 2    Res =  0.3184E+02
 MRCHDU: Convergence failed at  77  side 2    Res =  0.1547E+03
 MRCHDU: Convergence failed at  78  side 2    Res =  0.1077E+03
 MRCHDU: Convergence failed at  79  side 2    Res =  0.3471E+02
 MRCHDU: Convergence failed at  80  side 2    Res =  0.3614E+02
 MRCHDU: Convergence failed at  81  side 2    Res =  0.5548E+02
 MRCHDU: Convergence failed at  82  side 2    Res =  0.1451E+03
 MRCHDU: Convergence failed at  83  side 2    Res =  0.4807E+02
 MRCHDU: Convergence failed at  84  side 2    Res =  0.4257E+02
 MRCHDU: Convergence failed at  85  side 2    Res =  0.4587E+03
 MRCHDU: Convergence failed at  86  side 2    Res =  0.1202E+03
 MRCHDU: Convergence failed at  87  side 2    Res =  0.5220E+02
 MRCHDU: Convergence failed at  88  side 2    Res =  0.2920E+02
 MRCHDU: Convergence failed at  89  side 2    Res =  0.2777E+02
 MRCHDU: Convergence failed at  90  side 2    Res =  0.3026E+02
 MRCHDU: Convergence failed at  91  side 2    Res =  0.3678E+02
 MRCHDU: Convergence failed at  92  side 2    Res =  0.4050E+02
 MRCHDU: Convergence failed at  93  side 2    Res =  0.1005E+03
 Side 1 forced transition at x/c =  1.0000   69
 Side 2  free  transition at x/c =  0.2357   50

  11   rms: 0.9663E+00   max: -.4396E+01   C at   69  1   RLX: 0.114
       a = -8.000      CL = -1.5397
      Cm =  0.2963     CD =  0.01161   =>   CDf =  0.00627    CDp =  0.00533

 MRCHDU: Convergence failed at  63  side 2    Res =  0.9661E-02
 MRCHDU: Convergence failed at  89  side 2    Res =  0.1523E-02
 Side 1 forced transition at x/c =  1.0000   69
 Side 2  free  transition at x/c =  0.2464   51

  12   rms: 0.3321E+00   max: -.5190E+00   D at   94  2   RLX: 0.554
       a = -8.000      CL = -1.1221
      Cm =  0.0882     CD =  0.03110   =>   CDf =  0.00817    CDp =  0.02293

 Side 1 forced transition at x/c =  1.0000   69
 Side 2  free  transition at x/c =  0.2360   50

  13   rms: 0.3650E+00   max: -.2230E+01   T at   50  2   RLX: 0.224
       a = -8.000      CL = -1.0181
      Cm =  0.0532     CD =  0.03285   =>   CDf =  0.00764    CDp =  0.02521

 Side 1 forced transition at x/c =  1.0000   69
 Side 2  free  transition at x/c =  0.2606   52

  14   rms: 0.3036E+00   max: -.1275E+01   D at   70  2   RLX: 0.392
       a = -8.000      CL = -0.9822
      Cm =  0.0200     CD =  0.02787   =>   CDf =  0.00810    CDp =  0.01977

 Side 1 forced transition at x/c =  1.0000   69
 Side 2  free  transition at x/c =  0.2597   52

  15   rms: 0.2516E+00   max: -.1100E+01   D at   60  2   RLX: 0.455
       a = -8.000      CL = -0.9730
      Cm =  0.0074     CD =  0.02795   =>   CDf =  0.00919    CDp =  0.01877

 Side 1 forced transition at x/c =  1.0000   69
 Side 2  free  transition at x/c =  0.2510   51
 idif Ue xi dudx           1  0.11304246      4.30268049E-03   26.272566    
 Uenew xinew           2  2.53968518E-02  9.66668129E-04

  16   rms: 0.2347E+00   max: 0.1823E+01   T at   51  2   RLX: 0.823
       a = -8.000      CL = -1.0840
      Cm =  0.0337     CD =  0.03578   =>   CDf =  0.00982    CDp =  0.02596

 MRCHDU: Convergence failed at  52  side 2    Res =  0.8734E+01
 MRCHDU: Convergence failed at  53  side 2    Res =  0.1145E+03
 MRCHDU: Convergence failed at  54  side 2    Res =  0.3190E+02
 MRCHDU: Convergence failed at  55  side 2    Res =  0.1888E+02
 MRCHDU: Convergence failed at  56  side 2    Res =  0.1498E+02
 MRCHDU: Convergence failed at  57  side 2    Res =  0.1287E+02
 MRCHDU: Convergence failed at  58  side 2    Res =  0.1191E+02
 MRCHDU: Convergence failed at  59  side 2    Res =  0.1150E+02
 MRCHDU: Convergence failed at  60  side 2    Res =  0.1113E+02
 MRCHDU: Convergence failed at  61  side 2    Res =  0.1475E+02
 MRCHDU: Convergence failed at  62  side 2    Res =  0.1969E+02
 MRCHDU: Convergence failed at  63  side 2    Res =  0.2904E+02
 MRCHDU: Convergence failed at  64  side 2    Res =  0.2617E+03
 MRCHDU: Convergence failed at  65  side 2    Res =  0.3231E+03
 MRCHDU: Convergence failed at  66  side 2    Res =  0.3728E+02
 MRCHDU: Convergence failed at  67  side 2    Res =  0.2759E+02
 MRCHDU: Convergence failed at  68  side 2    Res =  0.2452E+02
 MRCHDU: Convergence failed at  69  side 2    Res =  0.2318E+02
 MRCHDU: Convergence failed at  70  side 2    Res =  0.2220E+02
 MRCHDU: Convergence failed at  71  side 2    Res =  0.2135E+02
 MRCHDU: Convergence failed at  72  side 2    Res =  0.2054E+02
 MRCHDU: Convergence failed at  73  side 2    Res =  0.1979E+02
 MRCHDU: Convergence failed at  74  side 2    Res =  0.1869E+02
 MRCHDU: Convergence failed at  75  side 2    Res =  0.5289E+02
 MRCHDU: Convergence failed at  76  side 2    Res =  0.4702E+02
 MRCHDU: Convergence failed at  77  side 2    Res =  0.4199E+02
 MRCHDU: Convergence failed at  78  side 2    Res =  0.3766E+02
 MRCHDU: Convergence failed at  79  side 2    Res =  0.3412E+02
 MRCHDU: Convergence failed at  80  side 2    Res =  0.3115E+02
 MRCHDU: Convergence failed at  81  side 2    Res =  0.2873E+02
 MRCHDU: Convergence failed at  82  side 2    Res =  0.4781E+02
 MRCHDU: Convergence failed at  83  side 2    Res =  0.4991E+02
 MRCHDU: Convergence failed at  84  side 2    Res =  0.5273E+02
 MRCHDU: Convergence failed at  85  side 2    Res =  0.5546E+02
 MRCHDU: Convergence failed at  86  side 2    Res =  0.5822E+02
 MRCHDU: Convergence failed at  87  side 2    Res =  0.3641E+02
 MRCHDU: Convergence failed at  88  side 2    Res =  0.3560E+02
 MRCHDU: Convergence failed at  89  side 2    Res =  0.1145E+03
 MRCHDU: Convergence failed at  90  side 2    Res =  0.3704E+02
 MRCHDU: Convergence failed at  91  side 2    Res =  0.5444E+02
 MRCHDU: Convergence failed at  92  side 2    Res =  0.4576E+02
 MRCHDU: Convergence failed at  93  side 2    Res =  0.5054E+02
 MRCHDU: Convergence failed at  94  side 2    Res =  0.6285E+02
 Side 1 forced transition at x/c =  1.0000   68
 Side 2  free  transition at x/c =  0.2057   49

  17   rms: 0.1228E+01   max: -.6391E+01   T at   49  2   RLX: 0.078
       a = -8.000      CL = -1.7358
      Cm =  0.3523     CD =  0.01254   =>   CDf =  0.00596    CDp =  0.00658

 MRCHDU: Convergence failed at  84  side 2    Res =  0.2654E+00
 MRCHDU: Convergence failed at  85  side 2    Res =  0.2566E+00
 MRCHDU: Convergence failed at  86  side 2    Res =  0.2468E+00
 MRCHDU: Convergence failed at  87  side 2    Res =  0.2357E+00
 MRCHDU: Convergence failed at  88  side 2    Res =  0.2219E+00
 MRCHDU: Convergence failed at  89  side 2    Res =  0.2042E+00
 MRCHDU: Convergence failed at  90  side 2    Res =  0.1817E+00
 MRCHDU: Convergence failed at  91  side 2    Res =  0.1559E+00
 MRCHDU: Convergence failed at  92  side 2    Res =  0.1288E+00
 MRCHDU: Convergence failed at  93  side 2    Res =  0.1310E-02
 Side 1 forced transition at x/c =  1.0000   69
 Side 2  free  transition at x/c =  0.2210   49

  18   rms: 0.1009E+01   max: -.9308E+01   T at   49  2   RLX: 0.054
       a = -8.000      CL = -1.2615
      Cm =  0.1457     CD =  0.02744   =>   CDf =  0.00642    CDp =  0.02102

 MRCHDU: Convergence failed at  93  side 2    Res =  0.3069E+00
 Side 1 forced transition at x/c =  1.0000   69
 Side 2  free  transition at x/c =  0.2406   50

  19   rms: 0.6807E+00   max: -.3317E+01   T at   50  2   RLX: 0.151
       a = -8.000      CL = -1.2101
      Cm =  0.0973     CD =  0.03651   =>   CDf =  0.00658    CDp =  0.02993

 Side 1 forced transition at x/c =  1.0000   69
 Side 2  free  transition at x/c =  0.2706   52

  20   rms: 0.3328E+00   max: -.1075E+01   D at   64  2   RLX: 0.465
       a = -8.000      CL = -1.0251
      Cm =  0.0286     CD =  0.03480   =>   CDf =  0.00657    CDp =  0.02823

 Side 1 forced transition at x/c =  1.0000   69
 Side 2  free  transition at x/c =  0.2831   53

  21   rms: 0.2462E+00   max: -.1063E+01   D at   65  2   RLX: 0.471
       a = -8.000      CL = -0.9044
      Cm = -0.0101     CD =  0.02927   =>   CDf =  0.00780    CDp =  0.02147

 Side 1 forced transition at x/c =  1.0000   69
 Side 2  free  transition at x/c =  0.2794   53

  22   rms: 0.3975E+00   max: -.1518E+01   D at   76  2   RLX: 0.329
       a = -8.000      CL = -0.9428
      Cm = -0.0124     CD =  0.02810   =>   CDf =  0.00850    CDp =  0.01961

 Side 1 forced transition at x/c =  1.0000   69
 Side 2  free  transition at x/c =  0.2622   52

  23   rms: 0.2387E+00   max: 0.1640E+01   T at   52  2   RLX: 0.496
       a = -8.000      CL = -1.0149
      Cm =  0.0062     CD =  0.03068   =>   CDf =  0.00882    CDp =  0.02186

 Side 1 forced transition at x/c =  1.0000   69
 Side 2  free  transition at x/c =  0.2322   50

  24   rms: 0.1287E+00   max: -.7614E+00   D at   81  2   RLX: 0.657
       a = -8.000      CL = -1.0046
      Cm =  0.0097     CD =  0.03383   =>   CDf =  0.00888    CDp =  0.02495

 Side 1 forced transition at x/c =  1.0000   69
 Side 2  free  transition at x/c =  0.2228   49

  25   rms: 0.1008E+00   max: -.5201E+00   D at   80  2   RLX: 0.961
       a = -8.000      CL = -0.9484
      Cm =  0.0054     CD =  0.03403   =>   CDf =  0.00952    CDp =  0.02451

 Side 1 forced transition at x/c =  1.0000   69
 Side 2  free  transition at x/c =  0.2336   50

  26   rms: 0.7934E-01   max: 0.5779E+00   D at   51  2
       a = -8.000      CL = -0.9028
      Cm =  0.0001     CD =  0.03407   =>   CDf =  0.00971    CDp =  0.02436

 Side 1 forced transition at x/c =  1.0000   69
 Side 2  free  transition at x/c =  0.2383   50

  27   rms: 0.1554E-01   max: -.1216E+00   T at   50  2
       a = -8.000      CL = -0.8893
      Cm = -0.0025     CD =  0.03371   =>   CDf =  0.00997    CDp =  0.02374

 Side 1 forced transition at x/c =  1.0000   69
 Side 2  free  transition at x/c =  0.2427   51

  28   rms: 0.8298E-02   max: 0.6252E-01   D at   52  2
       a = -8.000      CL = -0.8850
      Cm = -0.0032     CD =  0.03369   =>   CDf =  0.01010    CDp =  0.02360

 Side 1 forced transition at x/c =  1.0000   69
 Side 2  free  transition at x/c =  0.2428   51

  29   rms: 0.3741E-03   max: 0.3670E-02   D at   52  2
       a = -8.000      CL = -0.8850
      Cm = -0.0032     CD =  0.03370   =>   CDf =  0.01001    CDp =  0.02368

 Side 1 forced transition at x/c =  1.0000   69
 Side 2  free  transition at x/c =  0.2428   51

  30   rms: 0.9533E-05   max: -.4130E-04   T at   51  2
       a = -8.000      CL = -0.8850
      Cm = -0.0032     CD =  0.03370   =>   CDf =  0.01001    CDp =  0.02368
 plradd ia,ip,cpol            8          68  9.23303049E-03

 Point added to stored polar  1
 Save file unspecified or not available
 Dump file unspecified or not available

.OPERva   c>  
.OPERva   c>  
.OPERva   c>   Calculating wake trajectory ...
 Calculating source influence matrix ...

 Solving BL system ...

 Side 1 forced transition at x/c =  1.0000   69
 Side 2  free  transition at x/c =  0.2428   51
 idif Ue xi dudx           1  9.62687582E-02  3.64184380E-03   26.434071    
 Uenew xinew           2  8.08436982E-03  3.05831432E-04

   1   rms: 0.2244E+00   max: 0.1883E+01   T at   51  2   RLX: 0.596
       a = -9.000      CL = -0.9603
      Cm = -0.0028     CD =  0.03586   =>   CDf =  0.00991    CDp =  0.02595

 MRCHDU: Convergence failed at  52  side 2    Res =  0.5683E+01
 MRCHDU: Convergence failed at  53  side 2    Res =  0.2134E+02
 MRCHDU: Convergence failed at  54  side 2    Res =  0.1096E+02
 MRCHDU: Convergence failed at  55  side 2    Res =  0.2221E+02
 MRCHDU: Convergence failed at  56  side 2    Res =  0.2321E+02
 MRCHDU: Convergence failed at  57  side 2    Res =  0.2374E+02
 MRCHDU: Convergence failed at  58  side 2    Res =  0.1161E+02
 MRCHDU: Convergence failed at  59  side 2    Res =  0.1508E+02
 MRCHDU: Convergence failed at  60  side 2    Res =  0.1993E+02
 MRCHDU: Convergence failed at  61  side 2    Res =  0.2688E+02
 MRCHDU: Convergence failed at  62  side 2    Res =  0.3703E+02
 MRCHDU: Convergence failed at  63  side 2    Res =  0.7293E+02
 MRCHDU: Convergence failed at  64  side 2    Res =  0.1502E+03
 MRCHDU: Convergence failed at  65  side 2    Res =  0.1725E+04
 MRCHDU: Convergence failed at  66  side 2    Res =  0.2161E+03
 MRCHDU: Convergence failed at  67  side 2    Res =  0.1034E+03
 MRCHDU: Convergence failed at  68  side 2    Res =  0.6979E+02
 MRCHDU: Convergence failed at  69  side 2    Res =  0.5341E+02
 MRCHDU: Convergence failed at  70  side 2    Res =  0.4358E+02
 MRCHDU: Convergence failed at  71  side 2    Res =  0.3599E+02
 MRCHDU: Convergence failed at  72  side 2    Res =  0.3080E+02
 MRCHDU: Convergence failed at  73  side 2    Res =  0.8232E+02
 MRCHDU: Convergence failed at  74  side 2    Res =  0.7333E+02
 MRCHDU: Convergence failed at  75  side 2    Res =  0.2845E+02
 MRCHDU: Convergence failed at  76  side 2    Res =  0.5127E+02
 MRCHDU: Convergence failed at  77  side 2    Res =  0.6300E+03
 MRCHDU: Convergence failed at  78  side 2    Res =  0.3955E+02
 MRCHDU: Convergence failed at  79  side 2    Res =  0.3208E+02
 MRCHDU: Convergence failed at  80  side 2    Res =  0.1983E+02
 MRCHDU: Convergence failed at  81  side 2    Res =  0.1716E+02
 MRCHDU: Convergence failed at  82  side 2    Res =  0.1904E+02
 MRCHDU: Convergence failed at  83  side 2    Res =  0.2145E+02
 MRCHDU: Convergence failed at  84  side 2    Res =  0.2688E+02
 MRCHDU: Convergence failed at  85  side 2    Res =  0.2341E+02
 MRCHDU: Convergence failed at  86  side 2    Res =  0.3082E+02
 MRCHDU: Convergence failed at  87  side 2    Res =  0.2408E+02
 MRCHDU: Convergence failed at  88  side 2    Res =  0.5601E+02
 MRCHDU: Convergence failed at  89  side 2    Res =  0.8436E+02
 MRCHDU: Convergence failed at  90  side 2    Res =  0.1698E+03
 MRCHDU: Convergence failed at  91  side 2    Res =  0.1559E+03
 MRCHDU: Convergence failed at  92  side 2    Res =  0.9493E+02
 MRCHDU: Convergence failed at  93  side 2    Res =  0.6970E+02
 MRCHDU: Convergence failed at  94  side 2    Res =  0.3421E+02
 Side 1 forced transition at x/c =  1.0000   68
 Side 2  free  transition at x/c =  0.2181   50

   2   rms: 0.9971E+00   max: -.4372E+01   C at   68  1   RLX: 0.114
       a = -9.000      CL = -1.6362
      Cm =  0.3181     CD =  0.01292   =>   CDf =  0.00640    CDp =  0.00651

 Side 1 forced transition at x/c =  1.0000   69
 Side 2  free  transition at x/c =  0.2236   49

   3   rms: 0.8907E+00   max: 0.8293E+01   T at   49  2   RLX: 0.087
       a = -9.000      CL = -1.3324
      Cm =  0.1728     CD =  0.04067   =>   CDf =  0.00734    CDp =  0.03332

 Side 1 forced transition at x/c =  1.0000   69
 Side 2  free  transition at x/c =  0.2063   48

   4   rms: 0.3893E+00   max: -.2110E+01   T at   48  2   RLX: 0.237
       a = -9.000      CL = -1.1604
      Cm =  0.1178     CD =  0.04746   =>   CDf =  0.00702    CDp =  0.04044

 Side 1 forced transition at x/c =  1.0000   69
 Side 2  free  transition at x/c =  0.2222   49

   5   rms: 0.2889E+00   max: -.5630E+00   D at   94  2   RLX: 0.553
       a = -9.000      CL = -0.9496
      Cm =  0.0225     CD =  0.04527   =>   CDf =  0.00736    CDp =  0.03792

 Side 1 forced transition at x/c =  1.0000   69
 Side 2  free  transition at x/c =  0.2373   50

   6   rms: 0.4198E+00   max: -.1555E+01   D at   62  2   RLX: 0.322
       a = -9.000      CL = -0.9304
      Cm = -0.0144     CD =  0.03208   =>   CDf =  0.00790    CDp =  0.02418

 Side 1 forced transition at x/c =  1.0000   69
 Side 2  free  transition at x/c =  0.2320   50
 idif Ue xi dudx           1  0.12499688      4.75710630E-03   26.275822    
 Uenew xinew           2  3.73404101E-02  1.42109394E-03

   7   rms: 0.4140E+00   max: -.1496E+01   D at   58  2   RLX: 0.334
       a = -9.000      CL = -0.9874
      Cm = -0.0183     CD =  0.03092   =>   CDf =  0.00860    CDp =  0.02232

 Side 1 forced transition at x/c =  1.0000   68
 Side 2  free  transition at x/c =  0.2165   50

   8   rms: 0.1652E+00   max: -.4268E+00   U at   64  2   RLX: 0.879
       a = -9.000      CL = -0.9084
      Cm = -0.0157     CD =  0.03979   =>   CDf =  0.01022    CDp =  0.02957

 Side 1 forced transition at x/c =  1.0000   69
 Side 2  free  transition at x/c =  0.2085   49
 idif Ue xi dudx           1  0.11925952      4.63908911E-03   25.707529    
 Uenew xinew           2  3.34988832E-02  1.30307674E-03

   9   rms: 0.7677E-01   max: 0.4918E+00   T at   49  2
       a = -9.000      CL = -0.9642
      Cm = -0.0085     CD =  0.03917   =>   CDf =  0.00979    CDp =  0.02938

 MRCHDU: Convergence failed at  49  side 2    Res =  0.1801E-04
 MRCHDU: Convergence failed at  51  side 2    Res =  0.2095E+01
 MRCHDU: Convergence failed at  52  side 2    Res =  0.2146E+01
 MRCHDU: Convergence failed at  53  side 2    Res =  0.1484E+01
 MRCHDU: Convergence failed at  54  side 2    Res =  0.2576E+01
 MRCHDU: Convergence failed at  55  side 2    Res =  0.4338E+01
 MRCHDU: Convergence failed at  56  side 2    Res =  0.1033E+02
 MRCHDU: Convergence failed at  57  side 2    Res =  0.9014E+02
 MRCHDU: Convergence failed at  58  side 2    Res =  0.1061E+02
 MRCHDU: Convergence failed at  59  side 2    Res =  0.6334E+01
 MRCHDU: Convergence failed at  60  side 2    Res =  0.4717E+01
 MRCHDU: Convergence failed at  61  side 2    Res =  0.4205E+01
 MRCHDU: Convergence failed at  62  side 2    Res =  0.4803E+01
 MRCHDU: Convergence failed at  63  side 2    Res =  0.6431E+01
 MRCHDU: Convergence failed at  64  side 2    Res =  0.6115E+01
 MRCHDU: Convergence failed at  65  side 2    Res =  0.8057E+01
 MRCHDU: Convergence failed at  66  side 2    Res =  0.9228E+01
 MRCHDU: Convergence failed at  67  side 2    Res =  0.1133E+02
 MRCHDU: Convergence failed at  68  side 2    Res =  0.1331E+02
 MRCHDU: Convergence failed at  69  side 2    Res =  0.1606E+02
 MRCHDU: Convergence failed at  70  side 2    Res =  0.2012E+02
 MRCHDU: Convergence failed at  71  side 2    Res =  0.3048E+02
 MRCHDU: Convergence failed at  72  side 2    Res =  0.6191E+02
 MRCHDU: Convergence failed at  73  side 2    Res =  0.2459E+04
 MRCHDU: Convergence failed at  74  side 2    Res =  0.6131E+02
 MRCHDU: Convergence failed at  75  side 2    Res =  0.2885E+02
 MRCHDU: Convergence failed at  76  side 2    Res =  0.1681E+02
 MRCHDU: Convergence failed at  77  side 2    Res =  0.1092E+02
 MRCHDU: Convergence failed at  78  side 2    Res =  0.2062E+02
 MRCHDU: Convergence failed at  79  side 2    Res =  0.1999E+02
 MRCHDU: Convergence failed at  80  side 2    Res =  0.2260E+02
 MRCHDU: Convergence failed at  81  side 2    Res =  0.3144E+02
 MRCHDU: Convergence failed at  82  side 2    Res =  0.9161E+01
 MRCHDU: Convergence failed at  83  side 2    Res =  0.2980E+02
 MRCHDU: Convergence failed at  84  side 2    Res =  0.3331E+02
 MRCHDU: Convergence failed at  85  side 2    Res =  0.1370E+03
 MRCHDU: Convergence failed at  86  side 2    Res =  0.4266E+02
 MRCHDU: Convergence failed at  87  side 2    Res =  0.4903E+02
 MRCHDU: Convergence failed at  88  side 2    Res =  0.4230E+02
 MRCHDU: Convergence failed at  89  side 2    Res =  0.2631E+02
 MRCHDU: Convergence failed at  90  side 2    Res =  0.1987E+02
 MRCHDU: Convergence failed at  91  side 2    Res =  0.1792E+02
 MRCHDU: Convergence failed at  92  side 2    Res =  0.1536E+02
 MRCHDU: Convergence failed at  93  side 2    Res =  0.1348E+02
 MRCHDU: Convergence failed at  94  side 2    Res =  0.1275E+02
 Side 1 forced transition at x/c =  1.0000   68
 Side 2  free  transition at x/c =  0.2007   49

  10   rms: 0.6871E+00   max: 0.2066E+01   D at   99  2   RLX: 0.284
       a = -9.000      CL = -1.5091
      Cm =  0.2481     CD =  0.01449   =>   CDf =  0.00662    CDp =  0.00787

 Side 1 forced transition at x/c =  1.0000   68
 Side 2  free  transition at x/c =  0.2056   49

  11   rms: 0.4340E+00   max: 0.7346E+00   T at   95  2   RLX: 0.566
       a = -9.000      CL = -1.2595
      Cm =  0.1027     CD =  0.01962   =>   CDf =  0.01644    CDp =  0.00318

 Side 1 forced transition at x/c =  1.0000   68
 Side 2  free  transition at x/c =  0.1879   48

  12   rms: 0.2099E+00   max: 0.4228E+00   D at  109  2
       a = -9.000      CL = -1.0059
      Cm = -0.0024     CD =  0.03534   =>   CDf =  0.01234    CDp =  0.02301

 Side 1 forced transition at x/c =  1.0000   68
 Side 2  free  transition at x/c =  0.1903   48

  13   rms: 0.4033E-01   max: -.2462E+00   D at   93  2
       a = -9.000      CL = -0.9722
      Cm = -0.0065     CD =  0.03949   =>   CDf =  0.00974    CDp =  0.02975

 Side 1 forced transition at x/c =  1.0000   68
 Side 2  free  transition at x/c =  0.1977   49

  14   rms: 0.6475E-01   max: 0.4257E+00   D at   50  2
       a = -9.000      CL = -0.9455
      Cm = -0.0105     CD =  0.03998   =>   CDf =  0.00981    CDp =  0.03017

 Side 1 forced transition at x/c =  1.0000   68
 Side 2  free  transition at x/c =  0.1989   49

  15   rms: 0.7779E-02   max: -.3818E-01   C at   68  1
       a = -9.000      CL = -0.9382
      Cm = -0.0117     CD =  0.03983   =>   CDf =  0.00963    CDp =  0.03020

 Side 1 forced transition at x/c =  1.0000   68
 Side 2  free  transition at x/c =  0.2001   49

  16   rms: 0.4344E-03   max: -.1855E-02   D at   94  2
       a = -9.000      CL = -0.9379
      Cm = -0.0117     CD =  0.03982   =>   CDf =  0.00959    CDp =  0.03023

 Side 1 forced transition at x/c =  1.0000   68
 Side 2  free  transition at x/c =  0.2001   49

  17   rms: 0.5970E-05   max: 0.2664E-04   C at   68  1
       a = -9.000      CL = -0.9379
      Cm = -0.0117     CD =  0.03982   =>   CDf =  0.00960    CDp =  0.03023
 plradd ia,ip,cpol            9          67  7.34073436E-03

 Point added to stored polar  1
 Save file unspecified or not available
 Dump file unspecified or not available

.OPERva   c>  
.OPERva   c>  
.OPERva   c>   Calculating wake trajectory ...
 Calculating source influence matrix ...

 Solving BL system ...

 Side 1 forced transition at x/c =  1.0000   68
 Side 2  free  transition at x/c =  0.2001   49
 idif Ue xi dudx           1  9.66415033E-02  4.04155254E-03   23.911976    
 Uenew xinew           2  1.19936038E-02  5.01573086E-04

   1   rms: 0.1426E+00   max: 0.1127E+01   T at   49  2
       a =-10.000      CL = -0.9931
      Cm = -0.0197     CD =  0.04611   =>   CDf =  0.00947    CDp =  0.03664

 MRCHDU: Convergence failed at  92  side 2    Res =  0.9619E+00
 MRCHDU: Convergence failed at  93  side 2    Res =  0.9698E+00
 MRCHDU: Convergence failed at  94  side 2    Res =  0.9508E+00
 MRCHDU: Convergence failed at  95  side 2    Res =  0.9927E+00
 Side 1 forced transition at x/c =  1.0000   67
 Side 2  free  transition at x/c =  0.1746   48

   2   rms: 0.1007E+00   max: -.4788E+00   D at   49  2
       a =-10.000      CL = -0.9830
      Cm = -0.0237     CD =  0.04752   =>   CDf =  0.00802    CDp =  0.03950

 Side 1 forced transition at x/c =  1.0000   67
 Side 2  free  transition at x/c =  0.1720   48

   3   rms: 0.2413E-01   max: -.1569E+00   D at   87  2
       a =-10.000      CL = -0.9767
      Cm = -0.0204     CD =  0.04809   =>   CDf =  0.00885    CDp =  0.03924

 Side 1 forced transition at x/c =  1.0000   67
 Side 2  free  transition at x/c =  0.1729   48

   4   rms: 0.2406E-02   max: -.1996E-01   D at   89  2
       a =-10.000      CL = -0.9765
      Cm = -0.0202     CD =  0.04803   =>   CDf =  0.00903    CDp =  0.03900

 Side 1 forced transition at x/c =  1.0000   67
 Side 2  free  transition at x/c =  0.1730   48

   5   rms: 0.3633E-04   max: 0.2578E-03   C at   67  1
       a =-10.000      CL = -0.9765
      Cm = -0.0202     CD =  0.04802   =>   CDf =  0.00904    CDp =  0.03898
 plradd ia,ip,cpol           10          66  7.34073436E-03

 Point added to stored polar  1
 Save file unspecified or not available
 Dump file unspecified or not available

.OPERva   c>  
.OPERva   c>  
.OPERva   c>  
        airfoil                    Re           Mach       Ncrit  XtripT  XtripB     file
       ------------------------  ------------  ----------  -----  ------  ------    -------------------
 >  1  NACA 0015                 6.000e4       0.000        9.00   1.000   1.000    

Enter polar output filename   s>  
.OPERva   c>  
 ==============================================================
 Polar  1
  
       XFOIL         Version 6.99
  
 Calculated polar for: NACA 0015                                       
  
 1 1 Reynolds number fixed          Mach number fixed         
  
 xtrf =   1.000 (top)        1.000 (bottom)  
 Mach =   0.000     Re =     0.060 e 6     Ncrit =   9.000
  
   alpha    CL        CD       CDp       CM     Top_Xtr  Bot_Xtr
  ------ -------- --------- --------- -------- -------- --------
  -1.000  -0.3527   0.02611   0.01798   0.0490   1.0000   0.8925
  -2.000  -0.4661   0.02392   0.01575   0.0482   1.0000   0.7885
  -3.000  -0.5362   0.02336   0.01498   0.0388   1.0000   0.6855
  -4.000  -0.6101   0.02359   0.01484   0.0300   1.0000   0.5860
  -5.000  -0.6817   0.02476   0.01568   0.0214   1.0000   0.4853
  -6.000  -0.7511   0.02668   0.01722   0.0129   1.0000   0.3891
  -7.000  -0.8186   0.02960   0.01977   0.0046   1.0000   0.3060
  -8.000  -0.8850   0.03370   0.02368  -0.0032   1.0000   0.2428
  -9.000  -0.9379   0.03982   0.03023  -0.0117   1.0000   0.2001
 -10.000  -0.9765   0.04802   0.03898  -0.0202   1.0000   0.1730

.OPERva   c>  
 XFOIL   c>  